Unrecognized command
Unrecognized command
Unrecognized command
Unrecognized command
No matrix with the given index
No matrix with the given index
