Unrecognized command
Unrecognized command
No matrix with the given index
No matrix with the given index
Unrecognized command
Unrecognized command
No matrix with the given index
No matrix with the given index
