Unrecognized command
Unrecognized command
No matrix with the given index
